{'ultralytics': '8.4.164', 'source': 'D:\\newYOLO/ultralytics\\ultralytics\\__init__.py', 'torch': '2.0.0+cu118', 'cuda': '11.8', 'gpu': 'NVIDIA GeForce RTX 4060 Laptop GPU'}
Official dataset verification: {'missing': 0, 'found': 3370, 'empty': 14, 'corrupt': 0}
Ultralytics 8.4.164  Python-3.10.20 torch-2.0.0+cu118 CUDA:0 (NVIDIA GeForce RTX 4060 Laptop GPU, 8188MiB)
[34m[1mengine\trainer: [0magnostic_nms=False, amp=False, angle=1.0, augment=False, auto_augment=randaugment, batch=4, bgr=0.0, box=7.5, cache=False, cfg=None, channels_last=None, classes=None, close_mosaic=0, cls=0.5, cls_pw=0.0, cls_remap=True, compile=False, conf=None, copy_paste=0.0, copy_paste_mode=flip, cos_lr=False, cutmix=0.0, data=D:\newYOLO\insulator_project\smoke.yaml, degrees=0.0, deterministic=True, device=0, dfl=1.5, dgrad=0.5, dis=6.0, distill_model=None, dlam=1.0, dlog=1.0, dnn=False, dropout=0.0, dynamic=False, embed=None, epochs=1, erasing=0.4, exist_ok=False, fliplr=0.5, flipud=0.0, format=torchscript, fraction=1.0, freeze=None, hsv_h=0.015, hsv_s=0.7, hsv_v=0.4, imgsz=640, iou=0.7, kobj=1.0, line_width=None, lr0=0.01, lrf=0.01, mask_ratio=4, max_det=300, mixup=0.0, mode=train, model=D:\newYOLO\insulator_project\weights\yolov8n.pt, momentum=0.937, mosaic=1.0, multi_scale=0.0, name=smoke, nbs=64, nms=None, opset=None, optimize=False, optimizer=auto, overlap_mask=True, patience=100, perspective=0.0, plots=True, pose=12.0, pretrained=True, profile=False, project=D:\newYOLO\insulator_project\runs, quantize=None, rect=False, resume=False, retina_masks=False, rle=1.0, save=True, save_conf=False, save_crop=False, save_dir=D:\newYOLO\insulator_project\runs\smoke, save_frames=False, save_json=False, save_period=-1, save_txt=False, scale=0.5, seed=20260928, shear=0.0, show=False, show_boxes=True, show_conf=True, show_labels=True, simplify=True, single_cls=False, source=None, split=val, stream_buffer=False, task=detect, time=None, tracker=tracktrack.yaml, translate=0.1, val=True, verbose=True, vid_stride=1, visualize=False, warmup_bias_lr=0.1, warmup_epochs=3.0, warmup_momentum=0.8, weight_decay=0.0005, workers=0, workspace=None
Overriding model.yaml nc=80 with nc=9

                   from  n    params  module                                       arguments                     
  0                  -1  1       464  ultralytics.nn.modules.conv.Conv             [3, 16, 3, 2]                 
  1                  -1  1      4672  ultralytics.nn.modules.conv.Conv             [16, 32, 3, 2]                
  2                  -1  1      7360  ultralytics.nn.modules.block.C2f             [32, 32, 1, True]             
  3                  -1  1     18560  ultralytics.nn.modules.conv.Conv             [32, 64, 3, 2]                
  4                  -1  2     49664  ultralytics.nn.modules.block.C2f             [64, 64, 2, True]             
  5                  -1  1     73984  ultralytics.nn.modules.conv.Conv             [64, 128, 3, 2]               
  6                  -1  2    197632  ultralytics.nn.modules.block.C2f             [128, 128, 2, True]           
  7                  -1  1    295424  ultralytics.nn.modules.conv.Conv             [128, 256, 3, 2]              
  8                  -1  1    460288  ultralytics.nn.modules.block.C2f             [256, 256, 1, True]           
  9                  -1  1    164608  ultralytics.nn.modules.block.SPPF            [256, 256, 5]                 
 10                  -1  1         0  torch.nn.modules.upsampling.Upsample         [None, 2, 'nearest']          
 11             [-1, 6]  1         0  ultralytics.nn.modules.conv.Concat           [1]                           
 12                  -1  1    148224  ultralytics.nn.modules.block.C2f             [384, 128, 1]                 
 13                  -1  1         0  torch.nn.modules.upsampling.Upsample         [None, 2, 'nearest']          
 14             [-1, 4]  1         0  ultralytics.nn.modules.conv.Concat           [1]                           
 15                  -1  1     37248  ultralytics.nn.modules.block.C2f             [192, 64, 1]                  
 16                  -1  1     36992  ultralytics.nn.modules.conv.Conv             [64, 64, 3, 2]                
 17            [-1, 12]  1         0  ultralytics.nn.modules.conv.Concat           [1]                           
 18                  -1  1    123648  ultralytics.nn.modules.block.C2f             [192, 128, 1]                 
 19                  -1  1    147712  ultralytics.nn.modules.conv.Conv             [128, 128, 3, 2]              
 20             [-1, 9]  1         0  ultralytics.nn.modules.conv.Concat           [1]                           
 21                  -1  1    493056  ultralytics.nn.modules.block.C2f             [384, 256, 1]                 
 22        [15, 18, 21]  1    753067  ultralytics.nn.modules.head.Detect           [9, 16, None, [64, 128, 256]] 
Model summary: 129 layers, 3,012,603 parameters, 3,012,587 gradients, 8.2 GFLOPs

Transferred 319/355 items from pretrained weights
Freezing layer 'model.22.dfl.conv.weight'
[34m[1mtrain: [0mFast image access  (ping: 0.10.0 ms, read: 771.4756.6 MB/s, size: 326.5 KB)

[K[34m[1mtrain: [0mScanning D:\newYOLO\datasets\insulator_merged_yolo\labels... 64 images, 0 backgrounds, 0 corrupt: 100% ━━━━━━━━━━━━ 64/64 2.5Kit/s 0.0s
[34m[1mtrain: [0mNew cache created: D:\newYOLO\datasets\insulator_merged_yolo\labels.cache
[34m[1mval: [0mFast image access  (ping: 0.10.0 ms, read: 1464.5827.5 MB/s, size: 1465.9 KB)

[K[34m[1mval: [0mScanning D:\newYOLO\datasets\insulator_merged_yolo\labels... 32 images, 0 backgrounds, 0 corrupt: 100% ━━━━━━━━━━━━ 32/32 2.3Kit/s 0.0s
[34m[1mval: [0mNew cache created: D:\newYOLO\datasets\insulator_merged_yolo\labels.cache
[34m[1moptimizer:[0m 'optimizer=auto' found, ignoring 'lr0=0.01' and 'momentum=0.937' and determining best 'optimizer', 'lr0' and 'momentum' automatically... 
[34m[1moptimizer:[0m AdamW(lr=0.000769, momentum=0.9) with parameter groups 57 weight(decay=0.0), 64 weight(decay=0.0005), 63 bias(decay=0.0)
Plotting labels to D:\newYOLO\insulator_project\runs\smoke\labels.jpg... 
Using 64 train, 32 val images for fraction=1.0 at imgsz=640
Using 0 dataloader workers
Logging results to [1mD:\newYOLO\insulator_project\runs\smoke[0m
Starting training for 1 epochs...

      Epoch    GPU_mem   box_loss   cls_loss   dfl_loss  Instances       Size

[K        1/1      1.11G       1.69      4.513      1.317         12        640: 0% ──────────── 0/16  1.1s
[K        1/1      1.12G      1.685      4.483      1.479         17        640: 6% ╸─────────── 1/16 2.5it/s 1.3s<5.9s
[K        1/1      1.12G      1.763      4.479       1.52         24        640: 12% ━─────────── 2/16 3.3it/s 1.4s<4.3s
[K        1/1      1.12G      1.728      4.517      1.511         19        640: 18% ━━────────── 3/16 4.2it/s 1.6s<3.1s
[K        1/1      1.12G      1.735      4.502      1.489         19        640: 31% ━━━╸──────── 5/16 5.2it/s 1.9s<2.1s
[K        1/1      1.12G      1.727      4.413      1.499         15        640: 43% ━━━━━─────── 7/16 7.6it/s 2.0s<1.2s
[K        1/1      1.12G      1.703      4.439      1.509         12        640: 50% ━━━━━━────── 8/16 6.7it/s 2.2s<1.2s
[K        1/1      1.12G       1.67      4.404      1.496         20        640: 56% ━━━━━━╸───── 9/16 6.5it/s 2.4s<1.1s
[K        1/1      1.12G      1.747       4.47      1.521         21        640: 62% ━━━━━━━───── 10/16 6.2it/s 2.6s<1.0s
[K        1/1      1.12G      1.727      4.483       1.51         23        640: 68% ━━━━━━━━──── 11/16 6.2it/s 2.7s<0.8s
[K        1/1      1.12G      1.732      4.583      1.527          9        640: 75% ━━━━━━━━━─── 12/16 7.1it/s 2.9s<0.6s
[K        1/1      1.12G      1.753      4.571      1.544         14        640: 87% ━━━━━━━━━━── 14/16 8.4it/s 3.0s<0.2s
[K        1/1      1.12G      1.758      4.567      1.556         10        640: 93% ━━━━━━━━━━━─ 15/16 7.6it/s 3.2s<0.1s
[K        1/1      1.12G      1.758      4.567      1.556         10        640: 100% ━━━━━━━━━━━━ 16/16 5.0it/s 3.2s

[K                 Class     Images  Instances      Box(P          R      mAP50  mAP50-95): 25% ━━━───────── 1/4 2.5it/s 0.1s<1.2s
[K                 Class     Images  Instances      Box(P          R      mAP50  mAP50-95): 50% ━━━━━━────── 2/4 2.6it/s 0.5s<0.8s
[K                 Class     Images  Instances      Box(P          R      mAP50  mAP50-95): 75% ━━━━━━━━━─── 3/4 2.2it/s 1.2s<0.4s
[K                 Class     Images  Instances      Box(P          R      mAP50  mAP50-95): 100% ━━━━━━━━━━━━ 4/4 2.9it/s 1.4s
                   all         32        117    0.00313      0.164      0.073     0.0363

1 epochs completed in 0.002 hours.
Optimizer stripped from D:\newYOLO\insulator_project\runs\smoke\weights\last.pt, 6.2MB
Optimizer stripped from D:\newYOLO\insulator_project\runs\smoke\weights\best.pt, 6.2MB

Validating D:\newYOLO\insulator_project\runs\smoke\weights\best.pt...
Ultralytics 8.4.164  Python-3.10.20 torch-2.0.0+cu118 CUDA:0 (NVIDIA GeForce RTX 4060 Laptop GPU, 8188MiB)
Model summary (fused): 72 layers, 3,007,403 parameters, 0 gradients, 8.1 GFLOPs

[K                 Class     Images  Instances      Box(P          R      mAP50  mAP50-95): 50% ━━━━━━────── 2/4 1.5it/s 0.4s<1.3s
[K                 Class     Images  Instances      Box(P          R      mAP50  mAP50-95): 75% ━━━━━━━━━─── 3/4 1.5it/s 1.1s<0.7s
[K                 Class     Images  Instances      Box(P          R      mAP50  mAP50-95): 100% ━━━━━━━━━━━━ 4/4 3.2it/s 1.2s
                   all         32        117    0.00329      0.165     0.0726     0.0358
severe_soiling_no_discharge_whole         12         71    0.00562      0.113    0.00352   0.000961
          broken_whole          1          1          0          0          0          0
 discharge_marks_whole          1          1          0          0          0          0
    loose_tilted_whole          1          2          0          0          0          0
   glaze_peeling_whole          1          1          0          0          0          0
 insulator_unspecified          9          9     0.0216          1      0.577      0.293
          broken_local          2          2          0          0          0          0
pollution_flashover_local          7         22          0          0          0          0
    broken_glass_local          8          8     0.0024      0.375     0.0734     0.0279
Speed: 0.3ms preprocess, 5.7ms inference, 0.0ms loss, 1.7ms postprocess per image
Results saved to [1mD:\newYOLO\insulator_project\runs\smoke[0m

0: 640x640 (no detections), 23.6ms
1: 640x640 (no detections), 23.6ms
2: 640x640 (no detections), 23.6ms
3: 640x640 (no detections), 23.6ms
Speed: 3.2ms preprocess, 23.6ms inference, 0.3ms postprocess per image at shape (1, 3, 640, 640)
Results saved to [1mD:\newYOLO\insulator_project\runs\smoke_predict[0m
TRAIN / VALIDATE / SAVE / RELOAD / PREDICT: PASSED
